--------------------------------------------------------------
 
 
***  SPECTRAL FUNCTIONS - CARSPAN  ***
 
***       SUMMARY OUTPUT FILE      ***
 
 
+++      1-5-2026   12:51:30      +++
 
 
--------------------------------------------------------------
 
* SELECTED FILES : *
 
  + EVENTFILE: C:\USERS\P154492\DOCUMENTS\GITHUB\SPECTHR\EXAMPLEDATA\EXAMPLE1.EVT
    DATAFILE : C:\USERS\P154492\DOCUMENTS\GITHUB\SPECTHR\EXAMPLEDATA\EXAMPLE1.NFF
 
 
* SELECTED PARAMETERS *
 
BLOCK(S)  BEGIN AT EVENT_CODE         11
BLOCK(S)  END   AT EVENT_CODE         12
PERIOD(S) BEGIN AT EVENT_CODE         21
PERIOD(S) END   AT EVENT_CODE         22
RPEAKS                                0
VLF                                   0.02 -  0.06 HZ
LF                                    0.07 -  0.14 HZ
HF                                    0.15 -  0.40 HZ
 
 
* SELECTED CHANNELS *
 
CHANNEL  1        RPeaks       ALLOWED RANGE 
CHANNEL  1        IBI          ALLOWED RANGE 
 
 
* SELECTED ANALYSES *
 
 
 
--------------------------------------------------------------
 
FILE:             C:\USERS\P154492\DOCUMENTS\GITHUB\SPECTHR\EXAMPLEDATA\EXAMPLE1.EVT
 
 
FILE HEADER:      EXAMPLE1                                  
 
 
---- BEGIN OF BLOCK       1 AT    311.514              ----
---- END OF BLOCK         1 AT    951.965              ----
 
  -- BEGIN OF PERIOD      1 AT    313.900                --
  *  PERIOD LENGTH        297.840 SECONDS                 *
  *  NUMBER OF SAMPLES    404                             *
  -- END OF PERIOD        1 AT    611.740                --
 
 
  -- BEGIN OF PERIOD      2 AT    631.747                --
  *  PERIOD LENGTH        314.595 SECONDS                 *
  *  NUMBER OF SAMPLES    423                             *
  -- END OF PERIOD        2 AT    946.342                --
 
 
